mode: set
github.com/syntropy-cc/syntropy-cooperative-grid/manager/interfaces/cli/setup/tests/helpers/benchmark_helpers.go:23.44,25.2 1 0
github.com/syntropy-cc/syntropy-cooperative-grid/manager/interfaces/cli/setup/tests/helpers/benchmark_helpers.go:28.45,32.2 3 0
github.com/syntropy-cc/syntropy-cooperative-grid/manager/interfaces/cli/setup/tests/helpers/benchmark_helpers.go:35.43,38.2 2 0
github.com/syntropy-cc/syntropy-cooperative-grid/manager/interfaces/cli/setup/tests/helpers/benchmark_helpers.go:41.56,43.2 1 0
github.com/syntropy-cc/syntropy-cooperative-grid/manager/interfaces/cli/setup/tests/helpers/benchmark_helpers.go:46.52,48.2 1 0
github.com/syntropy-cc/syntropy-cooperative-grid/manager/interfaces/cli/setup/tests/helpers/benchmark_helpers.go:51.55,53.2 1 0
github.com/syntropy-cc/syntropy-cooperative-grid/manager/interfaces/cli/setup/tests/helpers/benchmark_helpers.go:56.89,59.27 2 0
github.com/syntropy-cc/syntropy-cooperative-grid/manager/interfaces/cli/setup/tests/helpers/benchmark_helpers.go:59.27,67.17 5 0
github.com/syntropy-cc/syntropy-cooperative-grid/manager/interfaces/cli/setup/tests/helpers/benchmark_helpers.go:67.17,69.4 1 0
github.com/syntropy-cc/syntropy-cooperative-grid/manager/interfaces/cli/setup/tests/helpers/benchmark_helpers.go:71.3,71.22 1 0
github.com/syntropy-cc/syntropy-cooperative-grid/manager/interfaces/cli/setup/tests/helpers/benchmark_helpers.go:71.22,73.4 1 0
github.com/syntropy-cc/syntropy-cooperative-grid/manager/interfaces/cli/setup/tests/helpers/benchmark_helpers.go:76.3,77.53 2 0
github.com/syntropy-cc/syntropy-cooperative-grid/manager/interfaces/cli/setup/tests/helpers/benchmark_helpers.go:82.107,85.37 2 0
github.com/syntropy-cc/syntropy-cooperative-grid/manager/interfaces/cli/setup/tests/helpers/benchmark_helpers.go:85.37,86.17 1 0
github.com/syntropy-cc/syntropy-cooperative-grid/manager/interfaces/cli/setup/tests/helpers/benchmark_helpers.go:86.17,94.18 5 0
github.com/syntropy-cc/syntropy-cooperative-grid/manager/interfaces/cli/setup/tests/helpers/benchmark_helpers.go:94.18,96.13 2 0
github.com/syntropy-cc/syntropy-cooperative-grid/manager/interfaces/cli/setup/tests/helpers/benchmark_helpers.go:99.4,99.23 1 0
github.com/syntropy-cc/syntropy-cooperative-grid/manager/interfaces/cli/setup/tests/helpers/benchmark_helpers.go:99.23,101.13 2 0
github.com/syntropy-cc/syntropy-cooperative-grid/manager/interfaces/cli/setup/tests/helpers/benchmark_helpers.go:108.107,111.27 2 0
github.com/syntropy-cc/syntropy-cooperative-grid/manager/interfaces/cli/setup/tests/helpers/benchmark_helpers.go:111.27,122.17 7 0
github.com/syntropy-cc/syntropy-cooperative-grid/manager/interfaces/cli/setup/tests/helpers/benchmark_helpers.go:122.17,123.39 1 0
github.com/syntropy-cc/syntropy-cooperative-grid/manager/interfaces/cli/setup/tests/helpers/benchmark_helpers.go:123.39,125.5 1 0
github.com/syntropy-cc/syntropy-cooperative-grid/manager/interfaces/cli/setup/tests/helpers/benchmark_helpers.go:125.10,127.5 1 0
github.com/syntropy-cc/syntropy-cooperative-grid/manager/interfaces/cli/setup/tests/helpers/benchmark_helpers.go:131.3,131.71 1 0
github.com/syntropy-cc/syntropy-cooperative-grid/manager/interfaces/cli/setup/tests/helpers/benchmark_helpers.go:136.57,151.2 9 0
github.com/syntropy-cc/syntropy-cooperative-grid/manager/interfaces/cli/setup/tests/helpers/benchmark_helpers.go:154.88,162.27 5 0
github.com/syntropy-cc/syntropy-cooperative-grid/manager/interfaces/cli/setup/tests/helpers/benchmark_helpers.go:162.27,163.41 1 0
github.com/syntropy-cc/syntropy-cooperative-grid/manager/interfaces/cli/setup/tests/helpers/benchmark_helpers.go:163.41,165.4 1 0
github.com/syntropy-cc/syntropy-cooperative-grid/manager/interfaces/cli/setup/tests/helpers/benchmark_helpers.go:170.71,173.27 2 0
github.com/syntropy-cc/syntropy-cooperative-grid/manager/interfaces/cli/setup/tests/helpers/benchmark_helpers.go:173.27,181.17 5 0
github.com/syntropy-cc/syntropy-cooperative-grid/manager/interfaces/cli/setup/tests/helpers/benchmark_helpers.go:181.17,183.4 1 0
github.com/syntropy-cc/syntropy-cooperative-grid/manager/interfaces/cli/setup/tests/helpers/benchmark_helpers.go:186.3,186.72 1 0
github.com/syntropy-cc/syntropy-cooperative-grid/manager/interfaces/cli/setup/tests/helpers/benchmark_helpers.go:191.120,196.27 3 0
github.com/syntropy-cc/syntropy-cooperative-grid/manager/interfaces/cli/setup/tests/helpers/benchmark_helpers.go:196.27,204.17 5 0
github.com/syntropy-cc/syntropy-cooperative-grid/manager/interfaces/cli/setup/tests/helpers/benchmark_helpers.go:204.17,206.4 1 0
github.com/syntropy-cc/syntropy-cooperative-grid/manager/interfaces/cli/setup/tests/helpers/benchmark_helpers.go:208.3,208.53 1 0
github.com/syntropy-cc/syntropy-cooperative-grid/manager/interfaces/cli/setup/tests/helpers/benchmark_helpers.go:213.93,216.27 2 0
github.com/syntropy-cc/syntropy-cooperative-grid/manager/interfaces/cli/setup/tests/helpers/benchmark_helpers.go:216.27,224.17 5 0
github.com/syntropy-cc/syntropy-cooperative-grid/manager/interfaces/cli/setup/tests/helpers/benchmark_helpers.go:224.17,226.4 1 0
github.com/syntropy-cc/syntropy-cooperative-grid/manager/interfaces/cli/setup/tests/helpers/benchmark_helpers.go:228.3,228.20 1 0
github.com/syntropy-cc/syntropy-cooperative-grid/manager/interfaces/cli/setup/tests/helpers/benchmark_helpers.go:228.20,230.4 1 0
github.com/syntropy-cc/syntropy-cooperative-grid/manager/interfaces/cli/setup/tests/helpers/benchmark_helpers.go:232.3,232.73 1 0
github.com/syntropy-cc/syntropy-cooperative-grid/manager/interfaces/cli/setup/tests/helpers/benchmark_helpers.go:237.67,243.27 4 0
github.com/syntropy-cc/syntropy-cooperative-grid/manager/interfaces/cli/setup/tests/helpers/benchmark_helpers.go:243.27,251.17 5 0
github.com/syntropy-cc/syntropy-cooperative-grid/manager/interfaces/cli/setup/tests/helpers/benchmark_helpers.go:251.17,253.4 1 0
github.com/syntropy-cc/syntropy-cooperative-grid/manager/interfaces/cli/setup/tests/helpers/benchmark_helpers.go:255.3,256.42 2 0
github.com/syntropy-cc/syntropy-cooperative-grid/manager/interfaces/cli/setup/tests/helpers/benchmark_helpers.go:256.42,258.4 1 0
github.com/syntropy-cc/syntropy-cooperative-grid/manager/interfaces/cli/setup/tests/helpers/benchmark_helpers.go:261.2,263.59 3 0
github.com/syntropy-cc/syntropy-cooperative-grid/manager/interfaces/cli/setup/tests/helpers/benchmark_helpers.go:267.86,270.29 2 0
github.com/syntropy-cc/syntropy-cooperative-grid/manager/interfaces/cli/setup/tests/helpers/benchmark_helpers.go:270.29,271.58 1 0
github.com/syntropy-cc/syntropy-cooperative-grid/manager/interfaces/cli/setup/tests/helpers/benchmark_helpers.go:271.58,272.29 1 0
github.com/syntropy-cc/syntropy-cooperative-grid/manager/interfaces/cli/setup/tests/helpers/benchmark_helpers.go:272.29,280.19 5 0
github.com/syntropy-cc/syntropy-cooperative-grid/manager/interfaces/cli/setup/tests/helpers/benchmark_helpers.go:280.19,282.6 1 0
github.com/syntropy-cc/syntropy-cooperative-grid/manager/interfaces/cli/setup/tests/helpers/benchmark_helpers.go:284.5,285.55 2 0
github.com/syntropy-cc/syntropy-cooperative-grid/manager/interfaces/cli/setup/tests/helpers/benchmark_helpers.go:292.41,296.21 2 0
github.com/syntropy-cc/syntropy-cooperative-grid/manager/interfaces/cli/setup/tests/helpers/benchmark_helpers.go:296.21,298.3 1 0
github.com/syntropy-cc/syntropy-cooperative-grid/manager/interfaces/cli/setup/tests/helpers/benchmark_helpers.go:301.2,302.14 2 0
github.com/syntropy-cc/syntropy-cooperative-grid/manager/interfaces/cli/setup/tests/helpers/test_helpers.go:25.58,30.16 3 0
github.com/syntropy-cc/syntropy-cooperative-grid/manager/interfaces/cli/setup/tests/helpers/test_helpers.go:30.16,32.3 1 0
github.com/syntropy-cc/syntropy-cooperative-grid/manager/interfaces/cli/setup/tests/helpers/test_helpers.go:35.2,39.53 4 0
github.com/syntropy-cc/syntropy-cooperative-grid/manager/interfaces/cli/setup/tests/helpers/test_helpers.go:39.53,42.3 2 0
github.com/syntropy-cc/syntropy-cooperative-grid/manager/interfaces/cli/setup/tests/helpers/test_helpers.go:45.2,45.20 1 0
github.com/syntropy-cc/syntropy-cooperative-grid/manager/interfaces/cli/setup/tests/helpers/test_helpers.go:45.20,46.47 1 0
github.com/syntropy-cc/syntropy-cooperative-grid/manager/interfaces/cli/setup/tests/helpers/test_helpers.go:46.47,48.4 1 0
github.com/syntropy-cc/syntropy-cooperative-grid/manager/interfaces/cli/setup/tests/helpers/test_helpers.go:51.2,56.3 1 0
github.com/syntropy-cc/syntropy-cooperative-grid/manager/interfaces/cli/setup/tests/helpers/test_helpers.go:60.76,73.66 3 0
github.com/syntropy-cc/syntropy-cooperative-grid/manager/interfaces/cli/setup/tests/helpers/test_helpers.go:73.66,75.3 1 0
github.com/syntropy-cc/syntropy-cooperative-grid/manager/interfaces/cli/setup/tests/helpers/test_helpers.go:79.53,87.66 3 0
github.com/syntropy-cc/syntropy-cooperative-grid/manager/interfaces/cli/setup/tests/helpers/test_helpers.go:87.66,89.3 1 0
github.com/syntropy-cc/syntropy-cooperative-grid/manager/interfaces/cli/setup/tests/helpers/test_helpers.go:93.47,100.2 1 0
github.com/syntropy-cc/syntropy-cooperative-grid/manager/interfaces/cli/setup/tests/helpers/test_helpers.go:103.59,116.2 1 0
github.com/syntropy-cc/syntropy-cooperative-grid/manager/interfaces/cli/setup/tests/helpers/test_helpers.go:119.53,132.2 1 0
github.com/syntropy-cc/syntropy-cooperative-grid/manager/interfaces/cli/setup/tests/helpers/test_helpers.go:135.84,138.37 2 0
github.com/syntropy-cc/syntropy-cooperative-grid/manager/interfaces/cli/setup/tests/helpers/test_helpers.go:138.37,140.3 1 0
github.com/syntropy-cc/syntropy-cooperative-grid/manager/interfaces/cli/setup/tests/helpers/test_helpers.go:142.2,142.31 1 0
github.com/syntropy-cc/syntropy-cooperative-grid/manager/interfaces/cli/setup/tests/helpers/test_helpers.go:142.31,144.3 1 0
github.com/syntropy-cc/syntropy-cooperative-grid/manager/interfaces/cli/setup/tests/helpers/test_helpers.go:146.2,146.29 1 0
github.com/syntropy-cc/syntropy-cooperative-grid/manager/interfaces/cli/setup/tests/helpers/test_helpers.go:146.29,148.3 1 0
github.com/syntropy-cc/syntropy-cooperative-grid/manager/interfaces/cli/setup/tests/helpers/test_helpers.go:150.2,150.45 1 0
github.com/syntropy-cc/syntropy-cooperative-grid/manager/interfaces/cli/setup/tests/helpers/test_helpers.go:150.45,152.3 1 0
github.com/syntropy-cc/syntropy-cooperative-grid/manager/interfaces/cli/setup/tests/helpers/test_helpers.go:154.2,154.42 1 0
github.com/syntropy-cc/syntropy-cooperative-grid/manager/interfaces/cli/setup/tests/helpers/test_helpers.go:154.42,156.3 1 0
github.com/syntropy-cc/syntropy-cooperative-grid/manager/interfaces/cli/setup/tests/helpers/test_helpers.go:158.2,158.43 1 0
github.com/syntropy-cc/syntropy-cooperative-grid/manager/interfaces/cli/setup/tests/helpers/test_helpers.go:158.43,160.3 1 0
github.com/syntropy-cc/syntropy-cooperative-grid/manager/interfaces/cli/setup/tests/helpers/test_helpers.go:164.92,167.33 2 0
github.com/syntropy-cc/syntropy-cooperative-grid/manager/interfaces/cli/setup/tests/helpers/test_helpers.go:167.33,169.3 1 0
github.com/syntropy-cc/syntropy-cooperative-grid/manager/interfaces/cli/setup/tests/helpers/test_helpers.go:171.2,171.45 1 0
github.com/syntropy-cc/syntropy-cooperative-grid/manager/interfaces/cli/setup/tests/helpers/test_helpers.go:171.45,173.3 1 0
github.com/syntropy-cc/syntropy-cooperative-grid/manager/interfaces/cli/setup/tests/helpers/test_helpers.go:175.2,175.43 1 0
github.com/syntropy-cc/syntropy-cooperative-grid/manager/interfaces/cli/setup/tests/helpers/test_helpers.go:175.43,177.3 1 0
github.com/syntropy-cc/syntropy-cooperative-grid/manager/interfaces/cli/setup/tests/helpers/test_helpers.go:181.93,184.2 2 0
github.com/syntropy-cc/syntropy-cooperative-grid/manager/interfaces/cli/setup/tests/helpers/test_helpers.go:187.69,190.2 2 0
github.com/syntropy-cc/syntropy-cooperative-grid/manager/interfaces/cli/setup/tests/helpers/test_helpers.go:193.35,195.29 2 0
github.com/syntropy-cc/syntropy-cooperative-grid/manager/interfaces/cli/setup/tests/helpers/test_helpers.go:195.29,197.3 1 0
github.com/syntropy-cc/syntropy-cooperative-grid/manager/interfaces/cli/setup/tests/helpers/test_helpers.go:201.37,203.31 2 0
github.com/syntropy-cc/syntropy-cooperative-grid/manager/interfaces/cli/setup/tests/helpers/test_helpers.go:203.31,205.3 1 0
github.com/syntropy-cc/syntropy-cooperative-grid/manager/interfaces/cli/setup/tests/helpers/test_helpers.go:209.36,211.30 2 0
github.com/syntropy-cc/syntropy-cooperative-grid/manager/interfaces/cli/setup/tests/helpers/test_helpers.go:211.30,213.3 1 0
github.com/syntropy-cc/syntropy-cooperative-grid/manager/interfaces/cli/setup/tests/helpers/test_helpers.go:217.33,219.16 2 0
github.com/syntropy-cc/syntropy-cooperative-grid/manager/interfaces/cli/setup/tests/helpers/test_helpers.go:219.16,221.3 1 0
github.com/syntropy-cc/syntropy-cooperative-grid/manager/interfaces/cli/setup/tests/helpers/test_helpers.go:225.21,226.22 1 0
github.com/syntropy-cc/syntropy-cooperative-grid/manager/interfaces/cli/setup/tests/helpers/test_helpers.go:227.17,230.70 2 0
github.com/syntropy-cc/syntropy-cooperative-grid/manager/interfaces/cli/setup/tests/helpers/test_helpers.go:230.70,232.4 1 0
github.com/syntropy-cc/syntropy-cooperative-grid/manager/interfaces/cli/setup/tests/helpers/test_helpers.go:233.3,234.14 2 0
github.com/syntropy-cc/syntropy-cooperative-grid/manager/interfaces/cli/setup/tests/helpers/test_helpers.go:235.25,237.26 1 0
github.com/syntropy-cc/syntropy-cooperative-grid/manager/interfaces/cli/setup/tests/helpers/test_helpers.go:238.10,239.15 1 0
github.com/syntropy-cc/syntropy-cooperative-grid/manager/interfaces/cli/setup/tests/helpers/test_helpers.go:244.65,248.16 3 0
github.com/syntropy-cc/syntropy-cooperative-grid/manager/interfaces/cli/setup/tests/helpers/test_helpers.go:248.16,250.3 1 0
github.com/syntropy-cc/syntropy-cooperative-grid/manager/interfaces/cli/setup/tests/helpers/test_helpers.go:251.2,258.77 5 0
github.com/syntropy-cc/syntropy-cooperative-grid/manager/interfaces/cli/setup/tests/helpers/test_helpers.go:258.77,260.35 2 0
github.com/syntropy-cc/syntropy-cooperative-grid/manager/interfaces/cli/setup/tests/helpers/test_helpers.go:260.35,262.4 1 0
github.com/syntropy-cc/syntropy-cooperative-grid/manager/interfaces/cli/setup/tests/helpers/test_helpers.go:264.3,264.46 1 0
github.com/syntropy-cc/syntropy-cooperative-grid/manager/interfaces/cli/setup/tests/helpers/test_helpers.go:264.46,266.4 1 0
github.com/syntropy-cc/syntropy-cooperative-grid/manager/interfaces/cli/setup/tests/helpers/test_helpers.go:271.99,280.6 6 0
github.com/syntropy-cc/syntropy-cooperative-grid/manager/interfaces/cli/setup/tests/helpers/test_helpers.go:280.6,281.10 1 0
github.com/syntropy-cc/syntropy-cooperative-grid/manager/interfaces/cli/setup/tests/helpers/test_helpers.go:282.21,283.58 1 0
github.com/syntropy-cc/syntropy-cooperative-grid/manager/interfaces/cli/setup/tests/helpers/test_helpers.go:284.19,285.19 1 0
github.com/syntropy-cc/syntropy-cooperative-grid/manager/interfaces/cli/setup/tests/helpers/test_helpers.go:285.19,287.5 1 0
github.com/syntropy-cc/syntropy-cooperative-grid/manager/interfaces/cli/setup/tests/helpers/test_helpers.go:293.50,295.49 2 0
github.com/syntropy-cc/syntropy-cooperative-grid/manager/interfaces/cli/setup/tests/helpers/test_helpers.go:295.49,297.3 1 0
github.com/syntropy-cc/syntropy-cooperative-grid/manager/interfaces/cli/setup/tests/helpers/test_helpers.go:301.53,303.41 2 0
github.com/syntropy-cc/syntropy-cooperative-grid/manager/interfaces/cli/setup/tests/helpers/test_helpers.go:303.41,305.3 1 0
github.com/syntropy-cc/syntropy-cooperative-grid/manager/interfaces/cli/setup/tests/helpers/test_helpers.go:309.55,312.24 3 0
github.com/syntropy-cc/syntropy-cooperative-grid/manager/interfaces/cli/setup/tests/helpers/test_helpers.go:312.24,315.3 2 0
github.com/syntropy-cc/syntropy-cooperative-grid/manager/interfaces/cli/setup/tests/helpers/test_helpers.go:316.2,316.19 1 0
github.com/syntropy-cc/syntropy-cooperative-grid/manager/interfaces/cli/setup/tests/helpers/test_helpers.go:316.19,318.3 1 0
github.com/syntropy-cc/syntropy-cooperative-grid/manager/interfaces/cli/setup/tests/helpers/test_helpers.go:322.61,325.16 3 0
github.com/syntropy-cc/syntropy-cooperative-grid/manager/interfaces/cli/setup/tests/helpers/test_helpers.go:325.16,327.3 1 0
github.com/syntropy-cc/syntropy-cooperative-grid/manager/interfaces/cli/setup/tests/helpers/test_helpers.go:329.2,329.46 1 0
github.com/syntropy-cc/syntropy-cooperative-grid/manager/interfaces/cli/setup/tests/helpers/test_helpers.go:329.46,331.3 1 0
github.com/syntropy-cc/syntropy-cooperative-grid/manager/interfaces/cli/setup/tests/helpers/test_helpers.go:335.81,338.16 3 0
github.com/syntropy-cc/syntropy-cooperative-grid/manager/interfaces/cli/setup/tests/helpers/test_helpers.go:338.16,340.3 1 0
github.com/syntropy-cc/syntropy-cooperative-grid/manager/interfaces/cli/setup/tests/helpers/test_helpers.go:342.2,343.32 2 0
github.com/syntropy-cc/syntropy-cooperative-grid/manager/interfaces/cli/setup/tests/helpers/test_helpers.go:343.32,345.3 1 0
github.com/syntropy-cc/syntropy-cooperative-grid/manager/interfaces/cli/setup/tests/helpers/test_helpers.go:349.63,355.2 2 0
github.com/syntropy-cc/syntropy-cooperative-grid/manager/interfaces/cli/setup/tests/helpers/test_helpers.go:358.48,360.2 1 0
github.com/syntropy-cc/syntropy-cooperative-grid/manager/interfaces/cli/setup/tests/helpers/test_helpers.go:363.40,365.22 2 0
github.com/syntropy-cc/syntropy-cooperative-grid/manager/interfaces/cli/setup/tests/helpers/test_helpers.go:365.22,367.3 1 0
github.com/syntropy-cc/syntropy-cooperative-grid/manager/interfaces/cli/setup/tests/helpers/test_helpers.go:368.2,368.13 1 0
github.com/syntropy-cc/syntropy-cooperative-grid/manager/interfaces/cli/setup/tests/fixtures/test_data.go:20.58,24.2 1 0
github.com/syntropy-cc/syntropy-cooperative-grid/manager/interfaces/cli/setup/tests/fixtures/test_data.go:27.74,122.2 1 0
github.com/syntropy-cc/syntropy-cooperative-grid/manager/interfaces/cli/setup/tests/fixtures/test_data.go:125.76,182.2 1 0
github.com/syntropy-cc/syntropy-cooperative-grid/manager/interfaces/cli/setup/tests/fixtures/test_data.go:185.77,232.2 1 0
github.com/syntropy-cc/syntropy-cooperative-grid/manager/interfaces/cli/setup/tests/fixtures/test_data.go:235.74,288.2 1 0
github.com/syntropy-cc/syntropy-cooperative-grid/manager/interfaces/cli/setup/tests/fixtures/test_data.go:291.82,356.2 1 0
github.com/syntropy-cc/syntropy-cooperative-grid/manager/interfaces/cli/setup/tests/fixtures/test_data.go:359.72,415.2 2 0
github.com/syntropy-cc/syntropy-cooperative-grid/manager/interfaces/cli/setup/tests/fixtures/test_data.go:418.63,441.43 2 0
github.com/syntropy-cc/syntropy-cooperative-grid/manager/interfaces/cli/setup/tests/fixtures/test_data.go:441.43,443.71 2 0
github.com/syntropy-cc/syntropy-cooperative-grid/manager/interfaces/cli/setup/tests/fixtures/test_data.go:443.71,445.4 1 0
github.com/syntropy-cc/syntropy-cooperative-grid/manager/interfaces/cli/setup/tests/fixtures/test_data.go:448.2,448.12 1 0
github.com/syntropy-cc/syntropy-cooperative-grid/manager/interfaces/cli/setup/tests/fixtures/test_data.go:452.73,462.27 2 0
github.com/syntropy-cc/syntropy-cooperative-grid/manager/interfaces/cli/setup/tests/fixtures/test_data.go:462.27,464.52 2 0
github.com/syntropy-cc/syntropy-cooperative-grid/manager/interfaces/cli/setup/tests/fixtures/test_data.go:464.52,466.4 1 0
github.com/syntropy-cc/syntropy-cooperative-grid/manager/interfaces/cli/setup/tests/fixtures/test_data.go:470.2,471.57 2 0
github.com/syntropy-cc/syntropy-cooperative-grid/manager/interfaces/cli/setup/tests/fixtures/test_data.go:471.57,473.3 1 0
github.com/syntropy-cc/syntropy-cooperative-grid/manager/interfaces/cli/setup/tests/fixtures/test_data.go:475.2,475.12 1 0
github.com/syntropy-cc/syntropy-cooperative-grid/manager/interfaces/cli/setup/tests/fixtures/test_data.go:479.53,481.2 1 0
github.com/syntropy-cc/syntropy-cooperative-grid/manager/interfaces/cli/setup/tests/fixtures/test_data.go:517.46,525.31 7 0
github.com/syntropy-cc/syntropy-cooperative-grid/manager/interfaces/cli/setup/tests/fixtures/test_data.go:525.31,527.3 1 0
github.com/syntropy-cc/syntropy-cooperative-grid/manager/interfaces/cli/setup/tests/fixtures/test_data.go:529.2,529.25 1 0
github.com/syntropy-cc/syntropy-cooperative-grid/manager/interfaces/cli/setup/tests/fixtures/test_data.go:533.69,579.2 1 0
github.com/syntropy-cc/syntropy-cooperative-grid/manager/interfaces/cli/setup/tests/fixtures/test_data.go:582.75,633.2 1 0
github.com/syntropy-cc/syntropy-cooperative-grid/manager/interfaces/cli/setup/tests/mocks/api_mock.go:40.40,46.2 1 0
github.com/syntropy-cc/syntropy-cooperative-grid/manager/interfaces/cli/setup/tests/mocks/api_mock.go:49.113,51.2 1 0
github.com/syntropy-cc/syntropy-cooperative-grid/manager/interfaces/cli/setup/tests/mocks/api_mock.go:54.127,56.2 1 0
github.com/syntropy-cc/syntropy-cooperative-grid/manager/interfaces/cli/setup/tests/mocks/api_mock.go:59.126,61.2 1 0
github.com/syntropy-cc/syntropy-cooperative-grid/manager/interfaces/cli/setup/tests/mocks/api_mock.go:64.116,66.2 1 0
github.com/syntropy-cc/syntropy-cooperative-grid/manager/interfaces/cli/setup/tests/mocks/api_mock.go:69.142,84.9 4 0
github.com/syntropy-cc/syntropy-cooperative-grid/manager/interfaces/cli/setup/tests/mocks/api_mock.go:85.20,86.24 1 0
github.com/syntropy-cc/syntropy-cooperative-grid/manager/interfaces/cli/setup/tests/mocks/api_mock.go:87.10,87.10 0 0
github.com/syntropy-cc/syntropy-cooperative-grid/manager/interfaces/cli/setup/tests/mocks/api_mock.go:91.2,91.17 1 0
github.com/syntropy-cc/syntropy-cooperative-grid/manager/interfaces/cli/setup/tests/mocks/api_mock.go:91.17,93.3 1 0
github.com/syntropy-cc/syntropy-cooperative-grid/manager/interfaces/cli/setup/tests/mocks/api_mock.go:96.2,96.71 1 0
github.com/syntropy-cc/syntropy-cooperative-grid/manager/interfaces/cli/setup/tests/mocks/api_mock.go:96.71,97.29 1 0
github.com/syntropy-cc/syntropy-cooperative-grid/manager/interfaces/cli/setup/tests/mocks/api_mock.go:97.29,99.4 1 0
github.com/syntropy-cc/syntropy-cooperative-grid/manager/interfaces/cli/setup/tests/mocks/api_mock.go:100.3,103.9 1 0
github.com/syntropy-cc/syntropy-cooperative-grid/manager/interfaces/cli/setup/tests/mocks/api_mock.go:107.2,108.27 2 0
github.com/syntropy-cc/syntropy-cooperative-grid/manager/interfaces/cli/setup/tests/mocks/api_mock.go:108.27,111.17 3 0
github.com/syntropy-cc/syntropy-cooperative-grid/manager/interfaces/cli/setup/tests/mocks/api_mock.go:111.17,113.4 1 0
github.com/syntropy-cc/syntropy-cooperative-grid/manager/interfaces/cli/setup/tests/mocks/api_mock.go:117.2,125.22 3 0
github.com/syntropy-cc/syntropy-cooperative-grid/manager/interfaces/cli/setup/tests/mocks/api_mock.go:129.71,132.2 2 0
github.com/syntropy-cc/syntropy-cooperative-grid/manager/interfaces/cli/setup/tests/mocks/api_mock.go:135.45,138.2 2 0
github.com/syntropy-cc/syntropy-cooperative-grid/manager/interfaces/cli/setup/tests/mocks/api_mock.go:141.55,143.2 1 0
github.com/syntropy-cc/syntropy-cooperative-grid/manager/interfaces/cli/setup/tests/mocks/api_mock.go:146.49,148.2 1 0
github.com/syntropy-cc/syntropy-cooperative-grid/manager/interfaces/cli/setup/tests/mocks/api_mock.go:151.47,153.2 1 0
github.com/syntropy-cc/syntropy-cooperative-grid/manager/interfaces/cli/setup/tests/mocks/api_mock.go:156.54,157.26 1 0
github.com/syntropy-cc/syntropy-cooperative-grid/manager/interfaces/cli/setup/tests/mocks/api_mock.go:157.26,159.3 1 0
github.com/syntropy-cc/syntropy-cooperative-grid/manager/interfaces/cli/setup/tests/mocks/api_mock.go:160.2,160.39 1 0
github.com/syntropy-cc/syntropy-cooperative-grid/manager/interfaces/cli/setup/tests/mocks/api_mock.go:164.73,166.33 2 0
github.com/syntropy-cc/syntropy-cooperative-grid/manager/interfaces/cli/setup/tests/mocks/api_mock.go:166.33,167.27 1 0
github.com/syntropy-cc/syntropy-cooperative-grid/manager/interfaces/cli/setup/tests/mocks/api_mock.go:167.27,169.4 1 0
github.com/syntropy-cc/syntropy-cooperative-grid/manager/interfaces/cli/setup/tests/mocks/api_mock.go:171.2,171.17 1 0
github.com/syntropy-cc/syntropy-cooperative-grid/manager/interfaces/cli/setup/tests/mocks/api_mock.go:175.67,177.33 2 0
github.com/syntropy-cc/syntropy-cooperative-grid/manager/interfaces/cli/setup/tests/mocks/api_mock.go:177.33,178.21 1 0
github.com/syntropy-cc/syntropy-cooperative-grid/manager/interfaces/cli/setup/tests/mocks/api_mock.go:178.21,180.4 1 0
github.com/syntropy-cc/syntropy-cooperative-grid/manager/interfaces/cli/setup/tests/mocks/api_mock.go:182.2,182.17 1 0
github.com/syntropy-cc/syntropy-cooperative-grid/manager/interfaces/cli/setup/tests/mocks/api_mock.go:186.33,196.2 9 0
github.com/syntropy-cc/syntropy-cooperative-grid/manager/interfaces/cli/setup/tests/mocks/api_mock.go:205.62,206.29 1 0
github.com/syntropy-cc/syntropy-cooperative-grid/manager/interfaces/cli/setup/tests/mocks/api_mock.go:206.29,208.3 1 0
github.com/syntropy-cc/syntropy-cooperative-grid/manager/interfaces/cli/setup/tests/mocks/api_mock.go:210.2,212.15 3 0
github.com/syntropy-cc/syntropy-cooperative-grid/manager/interfaces/cli/setup/tests/mocks/api_mock.go:216.42,218.2 1 0
github.com/syntropy-cc/syntropy-cooperative-grid/manager/interfaces/cli/setup/tests/mocks/api_mock.go:228.42,233.2 1 0
github.com/syntropy-cc/syntropy-cooperative-grid/manager/interfaces/cli/setup/tests/mocks/api_mock.go:236.76,238.2 1 0
github.com/syntropy-cc/syntropy-cooperative-grid/manager/interfaces/cli/setup/tests/mocks/api_mock.go:241.51,245.40 2 0
github.com/syntropy-cc/syntropy-cooperative-grid/manager/interfaces/cli/setup/tests/mocks/api_mock.go:245.40,247.3 1 0
github.com/syntropy-cc/syntropy-cooperative-grid/manager/interfaces/cli/setup/tests/mocks/api_mock.go:249.2,254.34 2 0
github.com/syntropy-cc/syntropy-cooperative-grid/manager/interfaces/cli/setup/tests/mocks/api_mock.go:258.58,259.21 1 0
github.com/syntropy-cc/syntropy-cooperative-grid/manager/interfaces/cli/setup/tests/mocks/api_mock.go:259.21,261.3 1 0
github.com/syntropy-cc/syntropy-cooperative-grid/manager/interfaces/cli/setup/tests/mocks/api_mock.go:262.2,262.12 1 0
github.com/syntropy-cc/syntropy-cooperative-grid/manager/interfaces/cli/setup/tests/mocks/api_mock.go:266.48,268.2 1 0
github.com/syntropy-cc/syntropy-cooperative-grid/manager/interfaces/cli/setup/tests/mocks/filesystem_mock.go:37.42,50.2 1 0
github.com/syntropy-cc/syntropy-cooperative-grid/manager/interfaces/cli/setup/tests/mocks/filesystem_mock.go:53.68,56.51 2 0
github.com/syntropy-cc/syntropy-cooperative-grid/manager/interfaces/cli/setup/tests/mocks/filesystem_mock.go:56.51,58.3 1 0
github.com/syntropy-cc/syntropy-cooperative-grid/manager/interfaces/cli/setup/tests/mocks/filesystem_mock.go:60.2,60.47 1 0
github.com/syntropy-cc/syntropy-cooperative-grid/manager/interfaces/cli/setup/tests/mocks/filesystem_mock.go:60.47,62.3 1 0
github.com/syntropy-cc/syntropy-cooperative-grid/manager/interfaces/cli/setup/tests/mocks/filesystem_mock.go:64.2,68.3 1 0
github.com/syntropy-cc/syntropy-cooperative-grid/manager/interfaces/cli/setup/tests/mocks/filesystem_mock.go:72.90,79.52 2 0
github.com/syntropy-cc/syntropy-cooperative-grid/manager/interfaces/cli/setup/tests/mocks/filesystem_mock.go:79.52,81.3 1 0
github.com/syntropy-cc/syntropy-cooperative-grid/manager/interfaces/cli/setup/tests/mocks/filesystem_mock.go:84.2,91.12 5 0
github.com/syntropy-cc/syntropy-cooperative-grid/manager/interfaces/cli/setup/tests/mocks/filesystem_mock.go:95.65,98.47 2 0
github.com/syntropy-cc/syntropy-cooperative-grid/manager/interfaces/cli/setup/tests/mocks/filesystem_mock.go:98.47,100.3 1 0
github.com/syntropy-cc/syntropy-cooperative-grid/manager/interfaces/cli/setup/tests/mocks/filesystem_mock.go:103.2,103.43 1 0
github.com/syntropy-cc/syntropy-cooperative-grid/manager/interfaces/cli/setup/tests/mocks/filesystem_mock.go:103.43,111.3 1 0
github.com/syntropy-cc/syntropy-cooperative-grid/manager/interfaces/cli/setup/tests/mocks/filesystem_mock.go:114.2,114.46 1 0
github.com/syntropy-cc/syntropy-cooperative-grid/manager/interfaces/cli/setup/tests/mocks/filesystem_mock.go:114.46,122.3 1 0
github.com/syntropy-cc/syntropy-cooperative-grid/manager/interfaces/cli/setup/tests/mocks/filesystem_mock.go:124.2,128.3 1 0
github.com/syntropy-cc/syntropy-cooperative-grid/manager/interfaces/cli/setup/tests/mocks/filesystem_mock.go:132.72,135.48 2 0
github.com/syntropy-cc/syntropy-cooperative-grid/manager/interfaces/cli/setup/tests/mocks/filesystem_mock.go:135.48,137.3 1 0
github.com/syntropy-cc/syntropy-cooperative-grid/manager/interfaces/cli/setup/tests/mocks/filesystem_mock.go:140.2,143.29 3 0
github.com/syntropy-cc/syntropy-cooperative-grid/manager/interfaces/cli/setup/tests/mocks/filesystem_mock.go:143.29,144.17 1 0
github.com/syntropy-cc/syntropy-cooperative-grid/manager/interfaces/cli/setup/tests/mocks/filesystem_mock.go:144.17,146.12 2 0
github.com/syntropy-cc/syntropy-cooperative-grid/manager/interfaces/cli/setup/tests/mocks/filesystem_mock.go:149.3,149.48 1 0
github.com/syntropy-cc/syntropy-cooperative-grid/manager/interfaces/cli/setup/tests/mocks/filesystem_mock.go:149.48,151.4 1 0
github.com/syntropy-cc/syntropy-cooperative-grid/manager/interfaces/cli/setup/tests/mocks/filesystem_mock.go:151.9,153.4 1 0
github.com/syntropy-cc/syntropy-cooperative-grid/manager/interfaces/cli/setup/tests/mocks/filesystem_mock.go:155.3,156.36 2 0
github.com/syntropy-cc/syntropy-cooperative-grid/manager/interfaces/cli/setup/tests/mocks/filesystem_mock.go:159.2,159.12 1 0
github.com/syntropy-cc/syntropy-cooperative-grid/manager/interfaces/cli/setup/tests/mocks/filesystem_mock.go:163.52,168.2 4 0
github.com/syntropy-cc/syntropy-cooperative-grid/manager/interfaces/cli/setup/tests/mocks/filesystem_mock.go:171.55,173.32 1 0
github.com/syntropy-cc/syntropy-cooperative-grid/manager/interfaces/cli/setup/tests/mocks/filesystem_mock.go:173.32,174.40 1 0
github.com/syntropy-cc/syntropy-cooperative-grid/manager/interfaces/cli/setup/tests/mocks/filesystem_mock.go:174.40,177.4 2 0
github.com/syntropy-cc/syntropy-cooperative-grid/manager/interfaces/cli/setup/tests/mocks/filesystem_mock.go:180.2,180.37 1 0
github.com/syntropy-cc/syntropy-cooperative-grid/manager/interfaces/cli/setup/tests/mocks/filesystem_mock.go:180.37,181.39 1 0
github.com/syntropy-cc/syntropy-cooperative-grid/manager/interfaces/cli/setup/tests/mocks/filesystem_mock.go:181.39,184.4 2 0
github.com/syntropy-cc/syntropy-cooperative-grid/manager/interfaces/cli/setup/tests/mocks/filesystem_mock.go:187.2,187.12 1 0
github.com/syntropy-cc/syntropy-cooperative-grid/manager/interfaces/cli/setup/tests/mocks/filesystem_mock.go:191.51,195.2 3 0
github.com/syntropy-cc/syntropy-cooperative-grid/manager/interfaces/cli/setup/tests/mocks/filesystem_mock.go:198.50,201.2 2 0
github.com/syntropy-cc/syntropy-cooperative-grid/manager/interfaces/cli/setup/tests/mocks/filesystem_mock.go:204.63,206.2 1 0
github.com/syntropy-cc/syntropy-cooperative-grid/manager/interfaces/cli/setup/tests/mocks/filesystem_mock.go:209.64,211.2 1 0
github.com/syntropy-cc/syntropy-cooperative-grid/manager/interfaces/cli/setup/tests/mocks/filesystem_mock.go:214.63,216.2 1 0
github.com/syntropy-cc/syntropy-cooperative-grid/manager/interfaces/cli/setup/tests/mocks/filesystem_mock.go:219.81,226.2 4 0
github.com/syntropy-cc/syntropy-cooperative-grid/manager/interfaces/cli/setup/tests/mocks/filesystem_mock.go:229.70,232.2 2 0
github.com/syntropy-cc/syntropy-cooperative-grid/manager/interfaces/cli/setup/tests/mocks/filesystem_mock.go:235.34,246.2 10 0
github.com/syntropy-cc/syntropy-cooperative-grid/manager/interfaces/cli/setup/tests/mocks/filesystem_mock.go:257.44,257.61 1 0
github.com/syntropy-cc/syntropy-cooperative-grid/manager/interfaces/cli/setup/tests/mocks/filesystem_mock.go:258.44,258.61 1 0
github.com/syntropy-cc/syntropy-cooperative-grid/manager/interfaces/cli/setup/tests/mocks/filesystem_mock.go:259.44,259.61 1 0
github.com/syntropy-cc/syntropy-cooperative-grid/manager/interfaces/cli/setup/tests/mocks/filesystem_mock.go:260.44,260.64 1 0
github.com/syntropy-cc/syntropy-cooperative-grid/manager/interfaces/cli/setup/tests/mocks/filesystem_mock.go:261.44,261.62 1 0
github.com/syntropy-cc/syntropy-cooperative-grid/manager/interfaces/cli/setup/tests/mocks/filesystem_mock.go:262.44,262.58 1 0
github.com/syntropy-cc/syntropy-cooperative-grid/manager/interfaces/cli/setup/tests/mocks/setup_mock.go:26.46,30.2 1 0
github.com/syntropy-cc/syntropy-cooperative-grid/manager/interfaces/cli/setup/tests/mocks/setup_mock.go:33.110,36.24 2 0
github.com/syntropy-cc/syntropy-cooperative-grid/manager/interfaces/cli/setup/tests/mocks/setup_mock.go:36.24,38.3 1 0
github.com/syntropy-cc/syntropy-cooperative-grid/manager/interfaces/cli/setup/tests/mocks/setup_mock.go:41.2,49.8 1 0
github.com/syntropy-cc/syntropy-cooperative-grid/manager/interfaces/cli/setup/tests/mocks/setup_mock.go:53.69,56.25 2 0
github.com/syntropy-cc/syntropy-cooperative-grid/manager/interfaces/cli/setup/tests/mocks/setup_mock.go:56.25,58.3 1 0
github.com/syntropy-cc/syntropy-cooperative-grid/manager/interfaces/cli/setup/tests/mocks/setup_mock.go:61.2,77.8 1 0
github.com/syntropy-cc/syntropy-cooperative-grid/manager/interfaces/cli/setup/tests/mocks/setup_mock.go:81.61,84.24 2 0
github.com/syntropy-cc/syntropy-cooperative-grid/manager/interfaces/cli/setup/tests/mocks/setup_mock.go:84.24,86.3 1 0
github.com/syntropy-cc/syntropy-cooperative-grid/manager/interfaces/cli/setup/tests/mocks/setup_mock.go:89.2,89.12 1 0
github.com/syntropy-cc/syntropy-cooperative-grid/manager/interfaces/cli/setup/tests/mocks/setup_mock.go:93.71,96.27 2 0
github.com/syntropy-cc/syntropy-cooperative-grid/manager/interfaces/cli/setup/tests/mocks/setup_mock.go:96.27,98.3 1 0
github.com/syntropy-cc/syntropy-cooperative-grid/manager/interfaces/cli/setup/tests/mocks/setup_mock.go:101.2,117.8 1 0
github.com/syntropy-cc/syntropy-cooperative-grid/manager/interfaces/cli/setup/tests/mocks/setup_mock.go:121.50,122.97 1 0
github.com/syntropy-cc/syntropy-cooperative-grid/manager/interfaces/cli/setup/tests/mocks/setup_mock.go:122.97,132.3 1 0
github.com/syntropy-cc/syntropy-cooperative-grid/manager/interfaces/cli/setup/tests/mocks/setup_mock.go:136.51,137.56 1 0
github.com/syntropy-cc/syntropy-cooperative-grid/manager/interfaces/cli/setup/tests/mocks/setup_mock.go:137.56,139.3 1 0
github.com/syntropy-cc/syntropy-cooperative-grid/manager/interfaces/cli/setup/tests/mocks/setup_mock.go:143.50,144.48 1 0
github.com/syntropy-cc/syntropy-cooperative-grid/manager/interfaces/cli/setup/tests/mocks/setup_mock.go:144.48,146.3 1 0
github.com/syntropy-cc/syntropy-cooperative-grid/manager/interfaces/cli/setup/tests/mocks/setup_mock.go:150.53,151.58 1 0
github.com/syntropy-cc/syntropy-cooperative-grid/manager/interfaces/cli/setup/tests/mocks/setup_mock.go:151.58,153.3 1 0
github.com/syntropy-cc/syntropy-cooperative-grid/manager/interfaces/cli/setup/tests/mocks/setup_mock.go:157.74,176.56 2 0
github.com/syntropy-cc/syntropy-cooperative-grid/manager/interfaces/cli/setup/tests/mocks/setup_mock.go:176.56,178.3 1 0
github.com/syntropy-cc/syntropy-cooperative-grid/manager/interfaces/cli/setup/tests/mocks/setup_mock.go:180.2,180.58 1 0
github.com/syntropy-cc/syntropy-cooperative-grid/manager/interfaces/cli/setup/tests/mocks/setup_mock.go:180.58,182.3 1 0
github.com/syntropy-cc/syntropy-cooperative-grid/manager/interfaces/cli/setup/tests/mocks/setup_mock.go:186.40,195.2 8 0
github.com/syntropy-cc/syntropy-cooperative-grid/manager/interfaces/cli/setup/tests/mocks/setup_mock.go:198.52,200.2 1 0
github.com/syntropy-cc/syntropy-cooperative-grid/manager/interfaces/cli/setup/tests/mocks/setup_mock.go:203.70,204.28 1 0
github.com/syntropy-cc/syntropy-cooperative-grid/manager/interfaces/cli/setup/tests/mocks/setup_mock.go:204.28,206.3 1 0
github.com/syntropy-cc/syntropy-cooperative-grid/manager/interfaces/cli/setup/tests/mocks/setup_mock.go:207.2,207.43 1 0
